2026-10-08 17:01:59,750 INFO    check_suppliers    Log file: logs/tax_check_20261008_170159.log
2026-10-08 17:01:59,750 DEBUG   check_suppliers    Arguments: {'workbook': 'examples/sample_suppliers.xlsx', 'output': 'examples/sample_suppliers_results.xlsx', 'sheet': None, 'date': None, 'no_browser': False, 'sk_assist': False, 'no_name_lookup': False, 'cache_dir': 'cache', 'nr_list': None, 'log_dir': 'logs', 'verbose': False}
2026-10-08 17:01:59,755 DEBUG   check_suppliers    Python 3.13.16 on Linux-6.18.44-fc-v80-x86_64-with-glibc2.39
2026-10-08 17:01:59,765 INFO    taxcheck.workbook  Reading sheet 'Suppliers': header on row 1
2026-10-08 17:01:59,765 DEBUG   taxcheck.workbook    column name       <- 'Supplier Name' (column A)
2026-10-08 17:01:59,765 DEBUG   taxcheck.workbook    column trade_name <- 'Trade Name' (column B)
2026-10-08 17:01:59,765 DEBUG   taxcheck.workbook    column province   <- 'Province' (column C)
2026-10-08 17:01:59,765 DEBUG   taxcheck.workbook    column gst        <- 'GST/HST Number' (column D)
2026-10-08 17:01:59,765 DEBUG   taxcheck.workbook    column qst        <- 'QST Number' (column E)
2026-10-08 17:01:59,765 DEBUG   taxcheck.workbook    column pst        <- 'PST Number' (column F)
2026-10-08 17:01:59,765 DEBUG   taxcheck.workbook    column date       <- 'Transaction Date' (column G)
2026-10-08 17:01:59,766 INFO    check_suppliers    11 suppliers found (columns used: name, trade_name, province, gst, qst, pst, date)
2026-10-08 17:01:59,769 DEBUG   check_suppliers    ---- Row 2: The University of British Columbia
2026-10-08 17:01:59,769 DEBUG   taxcheck.checks    Row input: {'name': 'The University of British Columbia', 'trade_name': 'UBC', 'province': 'BC', 'gst': '10816 1779 RT0001', 'qst': None, 'pst': 'PST-1000-7572', 'date': None} | province='BC' date=2026-10-08
2026-10-08 17:02:00,407 DEBUG   taxcheck.http      GET https://www.canada.ca/en/revenue-agency/services/tax/businesses/topics/gst-hst-businesses/digital-economy-gsthst/confirming-simplified-gst-hst-account-number.html -> HTTP 200 (0.62s, 474298 bytes)
2026-10-08 17:02:00,505 INFO    taxcheck.gst       Loaded CRA simplified GST/HST list: 1775 business numbers
2026-10-08 17:02:01,050 DEBUG   taxcheck.http      GET https://www.businessregistration-inscriptionentreprise.gc.ca/ebci/brom/registry/pub/reg_01_Ld.action -> HTTP 200 (0.54s, 10078 bytes)
2026-10-08 17:02:01,392 DEBUG   taxcheck.http      POST https://www.businessregistration-inscriptionentreprise.gc.ca/ebci/brom/registry/pub/reg_01_Sbmt.action -> HTTP 302 (0.34s, 397 bytes)
2026-10-08 17:02:01,663 DEBUG   taxcheck.http      GET https://www.businessregistration-inscriptionentreprise.gc.ca/ebci/brom/registry/pub/reg_02_Ld.action -> HTTP 200 (0.27s, 8187 bytes)
2026-10-08 17:02:01,664 DEBUG   taxcheck.gst       CRA registry bn=108161779 name='The University of British Columbia' date=2026-10-08 -> no_match (Insufficient information entered.)
2026-10-08 17:02:09,124 WARNING urllib3.connectionpool Retrying (Retry(total=2, connect=None, read=None, redirect=None, status=None)) after connection broken by 'ConnectionResetError(104, 'Connection reset by peer')': /ebci/brom/registry/pub/reg_01_Ld.action
2026-10-08 17:02:09,699 DEBUG   taxcheck.http      GET https://www.businessregistration-inscriptionentreprise.gc.ca/ebci/brom/registry/pub/reg_01_Ld.action -> HTTP 200 (7.69s, 10131 bytes)
2026-10-08 17:02:10,027 DEBUG   taxcheck.http      POST https://www.businessregistration-inscriptionentreprise.gc.ca/ebci/brom/registry/pub/reg_01_Sbmt.action -> HTTP 302 (0.33s, 397 bytes)
2026-10-08 17:02:10,310 DEBUG   taxcheck.http      GET https://www.businessregistration-inscriptionentreprise.gc.ca/ebci/brom/registry/pub/reg_02_Ld.action -> HTTP 200 (0.28s, 8201 bytes)
2026-10-08 17:02:10,311 DEBUG   taxcheck.gst       CRA registry bn=108161779 name='University of British Columbia' date=2026-10-08 -> registered (GST/HST number registered on this transaction date.)
2026-10-08 17:02:11,061 DEBUG   taxcheck.browser   Started Chromium 141.0.7390.37 (headless=True)
2026-10-08 17:02:16,092 DEBUG   taxcheck.bc_pst    eTaxBC bn=108161779 pst=1000-7572 -> 'PST number is valid' (attempt 1)
2026-10-08 17:02:16,092 DEBUG   taxcheck.checks      gst: REGISTERED | CRA GST/HST Registry confirms registration on 2026-10-08 (matched name 'University of British Columbia'). | University of British Columbia
2026-10-08 17:02:16,092 DEBUG   taxcheck.checks      bc_pst: REGISTERED | eTaxBC: PST-1000-7572 is valid for BN 108161779. | 
2026-10-08 17:02:16,092 INFO    check_suppliers    [1/11] The University of British Columbia: gst=REGISTERED, bc_pst=REGISTERED
2026-10-08 17:02:16,092 DEBUG   check_suppliers    ---- Row 3: Amazon.com.ca ULC
2026-10-08 17:02:16,092 DEBUG   taxcheck.checks    Row input: {'name': 'Amazon.com.ca ULC', 'trade_name': None, 'province': 'ON', 'gst': '857305932RT0001', 'qst': None, 'pst': None, 'date': None} | province='ON' date=2026-10-08
2026-10-08 17:02:16,685 DEBUG   taxcheck.http      GET https://www.businessregistration-inscriptionentreprise.gc.ca/ebci/brom/registry/pub/reg_01_Ld.action -> HTTP 200 (0.59s, 10127 bytes)
2026-10-08 17:02:17,028 DEBUG   taxcheck.http      POST https://www.businessregistration-inscriptionentreprise.gc.ca/ebci/brom/registry/pub/reg_01_Sbmt.action -> HTTP 302 (0.34s, 397 bytes)
2026-10-08 17:02:17,331 DEBUG   taxcheck.http      GET https://www.businessregistration-inscriptionentreprise.gc.ca/ebci/brom/registry/pub/reg_02_Ld.action -> HTTP 200 (0.30s, 8188 bytes)
2026-10-08 17:02:17,332 DEBUG   taxcheck.gst       CRA registry bn=857305932 name='Amazon.com.ca ULC' date=2026-10-08 -> registered (GST/HST number registered on this transaction date.)
2026-10-08 17:02:17,335 DEBUG   taxcheck.checks      gst: REGISTERED | CRA GST/HST Registry confirms registration on 2026-10-08 (matched name 'Amazon.com.ca ULC'). | Amazon.com.ca ULC
2026-10-08 17:02:17,336 INFO    check_suppliers    [2/11] Amazon.com.ca ULC: gst=REGISTERED
2026-10-08 17:02:17,336 DEBUG   check_suppliers    ---- Row 4: Avient Canada ULC
2026-10-08 17:02:17,336 DEBUG   taxcheck.checks    Row input: {'name': 'Avient Canada ULC', 'trade_name': 'Spartech Plastiques', 'province': 'QC', 'gst': None, 'qst': '1019288451 TQ 0004', 'pst': None, 'date': None} | province='QC' date=2026-10-08
2026-10-08 17:02:17,870 DEBUG   taxcheck.http      GET https://svcnab2b.revenuquebec.ca/2019/02/ValidationTVQ/1019288451TQ0004 -> HTTP 200 (0.53s, 259 bytes)
2026-10-08 17:02:17,870 DEBUG   taxcheck.qst       QST API 1019288451TQ0004 -> HTTP 200 {'Resultat': {'StatutSousDossierUsager': 'R', 'DescriptionStatut': 'Regulier', 'DateStatut': '2017-08-01T00:00:00', 'NomEntreprise': 'AVIENT CANADA ULC', 'RaisonSociale': 'SPARTECH PLASTIQUES'}, 'OperationReussie': True, 'MessagesFonctionnels': [], 'MessagesInformatifs': []}
2026-10-08 17:02:17,870 DEBUG   taxcheck.checks      gst: NO NUMBER | No GST/HST number provided. | 
2026-10-08 17:02:17,870 DEBUG   taxcheck.checks      qst: REGISTERED | Revenu Québec: registration valid since 2017-08-01. | AVIENT CANADA ULC (trade name: SPARTECH PLASTIQUES)
2026-10-08 17:02:17,871 INFO    check_suppliers    [3/11] Avient Canada ULC: gst=NO NUMBER, qst=REGISTERED
2026-10-08 17:02:17,871 DEBUG   check_suppliers    ---- Row 5: AIRGSM PTE. LTD.
2026-10-08 17:02:17,871 DEBUG   taxcheck.checks    Row input: {'name': 'AIRGSM PTE. LTD.', 'trade_name': 'Airalo', 'province': None, 'gst': '751950577RT9999', 'qst': None, 'pst': None, 'date': None} | province='' date=2026-10-08
2026-10-08 17:02:17,871 DEBUG   taxcheck.gst       bn=751950577 is on the simplified list: {'legal_name': 'AIRGSM PTE. LTD.', 'trade_name': 'Airalo', 'number': '751950577RT9999', 'registered': datetime.date(2026, 9, 1), 'deregistered': None}
2026-10-08 17:02:18,461 DEBUG   taxcheck.http      GET https://www.businessregistration-inscriptionentreprise.gc.ca/ebci/brom/registry/pub/reg_01_Ld.action -> HTTP 200 (0.58s, 10114 bytes)
2026-10-08 17:02:18,776 DEBUG   taxcheck.http      POST https://www.businessregistration-inscriptionentreprise.gc.ca/ebci/brom/registry/pub/reg_01_Sbmt.action -> HTTP 302 (0.31s, 397 bytes)
2026-10-08 17:02:19,407 DEBUG   taxcheck.http      GET https://www.businessregistration-inscriptionentreprise.gc.ca/ebci/brom/registry/pub/reg_02_Ld.action -> HTTP 200 (0.63s, 8187 bytes)
2026-10-08 17:02:19,408 DEBUG   taxcheck.gst       CRA registry bn=751950577 name='AIRGSM PTE. LTD.' date=2026-10-08 -> registered (GST/HST number registered on this transaction date.)
2026-10-08 17:02:19,411 DEBUG   taxcheck.checks      gst: REGISTERED | CRA GST/HST Registry confirms registration on 2026-10-08 (matched name 'AIRGSM PTE. LTD.'). Simplified GST/HST registrant (non-resident digital seller): GST/HST they charge is not eligible for input tax credits, so give them your GST/HST number so they don't charge it. | AIRGSM PTE. LTD.
2026-10-08 17:02:19,412 INFO    check_suppliers    [4/11] AIRGSM PTE. LTD.: gst=REGISTERED
2026-10-08 17:02:19,412 DEBUG   check_suppliers    ---- Row 6: Typo Supplies Inc
2026-10-08 17:02:19,412 DEBUG   taxcheck.checks    Row input: {'name': 'Typo Supplies Inc', 'trade_name': None, 'province': 'ON', 'gst': '123456789RT0001', 'qst': None, 'pst': None, 'date': None} | province='ON' date=2026-10-08
2026-10-08 17:02:19,412 DEBUG   taxcheck.checks      gst: INVALID NUMBER | '123456789RT0001' fails the CRA check digit, likely a typo | 
2026-10-08 17:02:19,412 INFO    check_suppliers    [5/11] Typo Supplies Inc: gst=INVALID NUMBER
2026-10-08 17:02:19,412 DEBUG   check_suppliers    ---- Row 7: Wrong Name Co
2026-10-08 17:02:19,412 DEBUG   taxcheck.checks    Row input: {'name': 'Wrong Name Co', 'trade_name': None, 'province': 'ON', 'gst': '857305932RT0001', 'qst': None, 'pst': None, 'date': None} | province='ON' date=2026-10-08
2026-10-08 17:02:19,691 DEBUG   taxcheck.http      GET https://www.businessregistration-inscriptionentreprise.gc.ca/ebci/brom/registry/pub/reg_01_Ld.action -> HTTP 200 (0.27s, 10113 bytes)
2026-10-08 17:02:20,013 DEBUG   taxcheck.http      POST https://www.businessregistration-inscriptionentreprise.gc.ca/ebci/brom/registry/pub/reg_01_Sbmt.action -> HTTP 302 (0.32s, 397 bytes)
2026-10-08 17:02:20,290 DEBUG   taxcheck.http      GET https://www.businessregistration-inscriptionentreprise.gc.ca/ebci/brom/registry/pub/reg_02_Ld.action -> HTTP 200 (0.28s, 8166 bytes)
2026-10-08 17:02:20,291 DEBUG   taxcheck.gst       CRA registry bn=857305932 name='Wrong Name Co' date=2026-10-08 -> no_match (Insufficient information entered.)
2026-10-08 17:02:20,294 DEBUG   taxcheck.fedcorp   Using cached cache/corporations-active-cbca-en.csv
2026-10-08 17:02:25,487 DEBUG   taxcheck.fedcorp   Using cached cache/corporations-active-non-cbca-en.csv
2026-10-08 17:02:25,865 INFO    taxcheck.fedcorp   Loaded federal corporate names for 694111 business numbers
2026-10-08 17:02:25,866 DEBUG   taxcheck.checks      gst: NOT CONFIRMED | CRA could not match this number with name 'Wrong Name Co' on 2026-10-08. Either the number isn't registered or the legal name differs from CRA's records (CRA doesn't say which). Check the supplier's exact legal name and re-run. | 
2026-10-08 17:02:25,866 INFO    check_suppliers    [6/11] Wrong Name Co: gst=NOT CONFIRMED
2026-10-08 17:02:25,866 DEBUG   check_suppliers    ---- Row 8: Bad QST Ltee
2026-10-08 17:02:25,866 DEBUG   taxcheck.checks    Row input: {'name': 'Bad QST Ltee', 'trade_name': None, 'province': 'QC', 'gst': None, 'qst': '1234567890TQ0001', 'pst': None, 'date': None} | province='QC' date=2026-10-08
2026-10-08 17:02:26,014 DEBUG   taxcheck.http      GET https://svcnab2b.revenuquebec.ca/2019/02/ValidationTVQ/1234567890TQ0001 -> HTTP 400 (0.15s, 165 bytes)
2026-10-08 17:02:26,015 DEBUG   taxcheck.qst       QST API 1234567890TQ0001 -> HTTP 400 {'Resultat': None, 'OperationReussie': False, 'MessagesFonctionnels': [{'DescriptionMessage': None, 'CodeMessage': 'GX.IdentifiantEntreeInvalide'}], 'MessagesInformatifs': []}
2026-10-08 17:02:26,015 DEBUG   taxcheck.checks      gst: NO NUMBER | No GST/HST number provided. | 
2026-10-08 17:02:26,015 DEBUG   taxcheck.checks      qst: INVALID NUMBER | Revenu Québec says this is not a valid QST number (likely a typo). | 
2026-10-08 17:02:26,015 INFO    check_suppliers    [7/11] Bad QST Ltee: gst=NO NUMBER, qst=INVALID NUMBER
2026-10-08 17:02:26,015 DEBUG   check_suppliers    ---- Row 9: UBC wrong PST
2026-10-08 17:02:26,015 DEBUG   taxcheck.checks    Row input: {'name': 'UBC wrong PST', 'trade_name': None, 'province': 'BC', 'gst': '108161779RT0001', 'qst': None, 'pst': 'PST-1000-7573', 'date': None} | province='BC' date=2026-10-08
2026-10-08 17:02:26,311 DEBUG   taxcheck.http      GET https://www.businessregistration-inscriptionentreprise.gc.ca/ebci/brom/registry/pub/reg_01_Ld.action -> HTTP 200 (0.29s, 10110 bytes)
2026-10-08 17:02:26,645 DEBUG   taxcheck.http      POST https://www.businessregistration-inscriptionentreprise.gc.ca/ebci/brom/registry/pub/reg_01_Sbmt.action -> HTTP 302 (0.33s, 397 bytes)
2026-10-08 17:02:26,936 DEBUG   taxcheck.http      GET https://www.businessregistration-inscriptionentreprise.gc.ca/ebci/brom/registry/pub/reg_02_Ld.action -> HTTP 200 (0.29s, 8166 bytes)
2026-10-08 17:02:26,937 DEBUG   taxcheck.gst       CRA registry bn=108161779 name='UBC wrong PST' date=2026-10-08 -> no_match (Insufficient information entered.)
2026-10-08 17:02:32,419 DEBUG   taxcheck.bc_pst    eTaxBC bn=108161779 pst=1000-7573 -> 'No Match Found' (attempt 1)
2026-10-08 17:02:32,420 DEBUG   taxcheck.checks      gst: NOT CONFIRMED | CRA could not match this number with name 'UBC wrong PST' on 2026-10-08. Either the number isn't registered or the legal name differs from CRA's records (CRA doesn't say which). Check the supplier's exact legal name and re-run. | 
2026-10-08 17:02:32,420 DEBUG   taxcheck.checks      bc_pst: NOT CONFIRMED | eTaxBC: no match for PST-1000-7573 with BN 108161779. The PST number is wrong, inactive, or belongs to a different business number. | 
2026-10-08 17:02:32,420 INFO    check_suppliers    [8/11] UBC wrong PST: gst=NOT CONFIRMED, bc_pst=NOT CONFIRMED
2026-10-08 17:02:32,420 DEBUG   check_suppliers    ---- Row 10: Prairie Example Ltd
2026-10-08 17:02:32,420 DEBUG   taxcheck.checks    Row input: {'name': 'Prairie Example Ltd', 'trade_name': None, 'province': 'SK', 'gst': None, 'qst': None, 'pst': '1234567', 'date': None} | province='SK' date=2026-10-08
2026-10-08 17:02:32,420 DEBUG   taxcheck.checks      gst: NO NUMBER | No GST/HST number provided. | 
2026-10-08 17:02:32,420 DEBUG   taxcheck.checks      sk_pst: MANUAL CHECK | Saskatchewan's PST registry has a reCAPTCHA, so it needs a person: re-run with --sk-assist to tick it once and let the script do the searches, or search the business name at https://www.sets.saskatchewan.ca/rptp/portal/footer/pst-registry. | 
2026-10-08 17:02:32,420 INFO    check_suppliers    [9/11] Prairie Example Ltd: gst=NO NUMBER, sk_pst=MANUAL CHECK
2026-10-08 17:02:32,420 DEBUG   check_suppliers    ---- Row 11: Amazon.com.ca ULC
2026-10-08 17:02:32,420 DEBUG   taxcheck.checks    Row input: {'name': 'Amazon.com.ca ULC', 'trade_name': None, 'province': 'MB', 'gst': '857305932RT0001', 'qst': None, 'pst': None, 'date': None} | province='MB' date=2026-10-08
2026-10-08 17:02:32,420 DEBUG   taxcheck.checks    Reusing earlier result for _gst('857305932RT0001', ['Amazon.com.ca ULC', None], datetime.date(2026, 10, 8))
2026-10-08 17:02:36,445 DEBUG   taxcheck.mb_rst    TAXcess RST name='Amazon.com.ca ULC' bn=857305932 rst=None -> [('Active', 'AMAZON.COM.CA ULC', '')]
2026-10-08 17:02:36,445 DEBUG   taxcheck.checks      gst: REGISTERED | CRA GST/HST Registry confirms registration on 2026-10-08 (matched name 'Amazon.com.ca ULC'). | Amazon.com.ca ULC
2026-10-08 17:02:36,445 DEBUG   taxcheck.checks      mb_rst: REGISTERED | Manitoba RST registry: active registration for BN 857305932. | AMAZON.COM.CA ULC
2026-10-08 17:02:36,445 INFO    check_suppliers    [10/11] Amazon.com.ca ULC: gst=REGISTERED, mb_rst=REGISTERED
2026-10-08 17:02:36,446 DEBUG   check_suppliers    ---- Row 12: NA Tutors
2026-10-08 17:02:36,446 DEBUG   taxcheck.checks    Row input: {'name': 'NA Tutors', 'trade_name': None, 'province': 'ON', 'gst': '774075766RT0001', 'qst': None, 'pst': None, 'date': None} | province='ON' date=2026-10-08
2026-10-08 17:02:36,705 DEBUG   taxcheck.http      GET https://www.businessregistration-inscriptionentreprise.gc.ca/ebci/brom/registry/pub/reg_01_Ld.action -> HTTP 200 (0.26s, 10110 bytes)
2026-10-08 17:02:36,994 DEBUG   taxcheck.http      POST https://www.businessregistration-inscriptionentreprise.gc.ca/ebci/brom/registry/pub/reg_01_Sbmt.action -> HTTP 302 (0.29s, 397 bytes)
2026-10-08 17:02:37,271 DEBUG   taxcheck.http      GET https://www.businessregistration-inscriptionentreprise.gc.ca/ebci/brom/registry/pub/reg_02_Ld.action -> HTTP 200 (0.28s, 8162 bytes)
2026-10-08 17:02:37,271 DEBUG   taxcheck.gst       CRA registry bn=774075766 name='NA Tutors' date=2026-10-08 -> no_match (Insufficient information entered.)
2026-10-08 17:02:38,205 DEBUG   taxcheck.http      GET https://www.businessregistration-inscriptionentreprise.gc.ca/ebci/brom/registry/pub/reg_01_Ld.action -> HTTP 200 (0.25s, 10105 bytes)
2026-10-08 17:02:38,496 DEBUG   taxcheck.http      POST https://www.businessregistration-inscriptionentreprise.gc.ca/ebci/brom/registry/pub/reg_01_Sbmt.action -> HTTP 302 (0.29s, 397 bytes)
2026-10-08 17:02:38,783 DEBUG   taxcheck.http      GET https://www.businessregistration-inscriptionentreprise.gc.ca/ebci/brom/registry/pub/reg_02_Ld.action -> HTTP 200 (0.28s, 8197 bytes)
2026-10-08 17:02:38,784 DEBUG   taxcheck.gst       CRA registry bn=774075766 name='North American Tutors Inc.' date=2026-10-08 -> registered (GST/HST number registered on this transaction date.)
2026-10-08 17:02:38,788 DEBUG   taxcheck.checks      gst: REGISTERED | CRA GST/HST Registry confirms registration on 2026-10-08 (matched name 'North American Tutors Inc.'). The name in your sheet didn't match; 'North American Tutors Inc.' is the official corporate name for this business number, so consider updating your vendor record. | North American Tutors Inc.
2026-10-08 17:02:38,790 INFO    check_suppliers    [11/11] NA Tutors: gst=REGISTERED
2026-10-08 17:02:38,920 INFO    check_suppliers    Finished 11 suppliers in 39s: {'REGISTERED': 8, 'NO NUMBER': 3, 'INVALID NUMBER': 2, 'NOT CONFIRMED': 3, 'MANUAL CHECK': 1}
2026-10-08 17:02:38,942 INFO    check_suppliers    Results written to examples/sample_suppliers_results.xlsx
